
> one-day-one-juz@0.1.0 build
> next build

  Γû▓ Next.js 14.2.35

   Creating an optimized production build ...
node.exe : Failed to 
compile.
At line:1 char:1
+ & "C:\Program 
Files\nodejs/node.exe" 
"C:\Program 
Files\nodejs/node_mo 
...
+ ~~~~~~~~~~~~~~~~~~~~~
~~~~~~~~~~~~~~~~~~~~~~~
~~~~~~~~~~~~~~~~~~~~~~~
~~
    + CategoryInfo     
         : NotSpecifi  
  ed: (Failed to com   
 pile.:String) [],     
RemoteException
    + FullyQualifiedEr 
   rorId : NativeComm  
  andError
 

./lib/utils/confetti.ts
Module not found: 
Can't resolve 
'canvas-confetti'

https://nextjs.org/docs
/messages/module-not-fo
und

Import trace for 
requested module:
./components/home/AddCo
mpletionModal.tsx
./app/page.tsx


> Build failed because 
of webpack errors
